|2022-10-09T22:34:19.057| INFO [Test           ]: Test)
|2022-10-09T22:34:31.671| INFO   [Test           ]: Test)
|2022-10-09T22:34:49.024| WARNING [Test           ]: Test)
|2022-10-09T22:35:14.731| WARNING [Test           ]: Test)
|2022-10-09T22:35:16.577| WARNING [Test           ]: Test)
